// Jest Snapshot v1, https://goo.gl/fbAQLP

exports[`Pruebas en PropsApp debe de hacer match con el snapshot 1`] = `
<div>
  <h1
    data-testid="test-title"
  >
    Frist App
  </h1>
  <h2>
    Kevin Pernia
  </h2>
  <h2>
    s
  </h2>
</div>
`;
